[dotenv@17.2.3] injecting env (7) from .env -- tip: ≡ƒöä add secrets lifecycle management: https://dotenvx.com/ops

[1m[46m RUN [49m[22m [36mv4.0.17 [39m[90mC:/Users/Gaurav/Buzzma/MOBO/backend[39m

[90mstdout[2m | tests/auth.register.spec.ts
[22m[39m[prisma] Using PostgreSQL adapter (pool max=10, schema=buzzma_test, ssl=require)

[90mstdout[2m | tests/auth.register.spec.ts
[22m[39m[prisma] Connected to PostgreSQL (SSL active)

[90mstdout[2m | tests/auth.register.spec.ts[2m > [22m[2mauth registration + invites[2m > [22m[2mregisters a shopper via invite and consumes the invite
[22m[39mMongoDB: connecting to db "mobo"

[90mstdout[2m | tests/auth.register.spec.ts[2m > [22m[2mauth registration + invites[2m > [22m[2mregisters a shopper via invite and consumes the invite
[22m[39mMongoDB connected successfully

[90mstdout[2m | tests/auth.register.spec.ts[2m > [22m[2mauth registration + invites[2m > [22m[2mregisters a mediator via invite and consumes the invite
[22m[39mMongoDB: connecting to db "mobo"

[90mstdout[2m | tests/auth.register.spec.ts[2m > [22m[2mauth registration + invites[2m > [22m[2mregisters a mediator via invite and consumes the invite
[22m[39mMongoDB connected successfully

[90mstdout[2m | tests/auth.register.spec.ts[2m > [22m[2mauth registration + invites[2m > [22m[2mregisters a mediator via agency code when invite is not found
[22m[39mMongoDB: connecting to db "mobo"

[90mstdout[2m | tests/auth.register.spec.ts[2m > [22m[2mauth registration + invites[2m > [22m[2mregisters a mediator via agency code when invite is not found
[22m[39mMongoDB connected successfully

[90mstdout[2m | tests/auth.register.spec.ts[2m > [22m[2mauth registration + invites[2m > [22m[2mregisters a brand via invite and consumes the invite
[22m[39mMongoDB: connecting to db "mobo"

[90mstdout[2m | tests/auth.register.spec.ts[2m > [22m[2mauth registration + invites[2m > [22m[2mregisters a brand via invite and consumes the invite
[22m[39mMongoDB connected successfully

[90mstdout[2m | tests/auth.register.spec.ts[2m > [22m[2mauth registration + invites[2m > [22m[2mregisters a shopper via mediator code when invite is not found
[22m[39mMongoDB: connecting to db "mobo"

[90mstdout[2m | tests/auth.register.spec.ts[2m > [22m[2mauth registration + invites[2m > [22m[2mregisters a shopper via mediator code when invite is not found
[22m[39mMongoDB connected successfully

[90mstdout[2m | tests/auth.register.spec.ts[2m > [22m[2mauth registration + invites[2m > [22m[2mregisters an agency via invite and creates an Agency record
[22m[39mMongoDB: connecting to db "mobo"

[90mstdout[2m | tests/auth.register.spec.ts[2m > [22m[2mauth registration + invites[2m > [22m[2mregisters an agency via invite and creates an Agency record
[22m[39mMongoDB connected successfully

[90mstdout[2m | tests/auth.register.spec.ts[2m > [22m[2mauth registration + invites[2m > [22m[2mrejects expired invites and does not create a user
[22m[39mMongoDB: connecting to db "mobo"

[90mstdout[2m | tests/auth.register.spec.ts[2m > [22m[2mauth registration + invites[2m > [22m[2mrejects expired invites and does not create a user
[22m[39mMongoDB connected successfully

[90mstdout[2m | tests/auth.register.spec.ts[2m > [22m[2mauth registration + invites[2m > [22m[2menforces maxUses (replay-safe): second registration fails and user is not created
[22m[39mMongoDB: connecting to db "mobo"

[90mstdout[2m | tests/auth.register.spec.ts[2m > [22m[2mauth registration + invites[2m > [22m[2menforces maxUses (replay-safe): second registration fails and user is not created
[22m[39mMongoDB connected successfully

 [32mΓ£ô[39m tests/auth.register.spec.ts [2m([22m[2m8 tests[22m[2m)[22m[33m 105206[2mms[22m[39m
     [33m[2mΓ£ô[22m[39m registers a shopper via invite and consumes the invite [33m 17089[2mms[22m[39m
     [33m[2mΓ£ô[22m[39m registers a mediator via invite and consumes the invite [33m 13050[2mms[22m[39m
     [33m[2mΓ£ô[22m[39m registers a mediator via agency code when invite is not found [33m 11263[2mms[22m[39m
     [33m[2mΓ£ô[22m[39m registers a brand via invite and consumes the invite [33m 12766[2mms[22m[39m
     [33m[2mΓ£ô[22m[39m registers a shopper via mediator code when invite is not found [33m 12250[2mms[22m[39m
     [33m[2mΓ£ô[22m[39m registers an agency via invite and creates an Agency record [33m 12806[2mms[22m[39m
     [33m[2mΓ£ô[22m[39m rejects expired invites and does not create a user [33m 10895[2mms[22m[39m
     [33m[2mΓ£ô[22m[39m enforces maxUses (replay-safe): second registration fails and user is not created [33m 13565[2mms[22m[39m
[90mstdout[2m | tests/order.step-verification.spec.ts
[22m[39m[prisma] Using PostgreSQL adapter (pool max=10, schema=buzzma_test, ssl=require)

[90mstdout[2m | tests/order.step-verification.spec.ts
[22m[39m[prisma] Connected to PostgreSQL (SSL active)

[90mstdout[2m | tests/order.step-verification.spec.ts[2m > [22m[2morder step verification (purchase vs review/rating)[2m > [22m[2mkeeps order UNDER_REVIEW when purchase verified but review proof missing, then approves after review verified
[22m[39mMongoDB: connecting to db "mobo"

[90mstdout[2m | tests/order.step-verification.spec.ts[2m > [22m[2morder step verification (purchase vs review/rating)[2m > [22m[2mkeeps order UNDER_REVIEW when purchase verified but review proof missing, then approves after review verified
[22m[39mMongoDB connected successfully

